    1  passwd
    2  wget -O out.pdf https://tinyurl.com/yy94jltt
    3  cd ~
    4  cd /mnt/scratch/CS131_billa/FA26/RanjanVarun
    5  mkdir cs131
    6  cd cs131
    7  git init
    8  git config --global user.name "Varun Ranjan"
    9  git config --global user.email "varun.ranjan@sjsu.edu"
   10  git remote add origin https://github.com/varunranjan-creator/cs131.git
   11  mkdir WS1
   12  cd WS1
   13  history > cmds.log
   14  cd ~/cs131
   15  git add WS1/cmds.log
   16  git commit -m "First commit: WS1 cmds.log"
   17  git branch -M main
   18  git push -u origin main
   19  git branch -M main
   20  git push -u origin main
   21  echo $HOME
   22  pwd
   23  whoami
   24  id
   25  groups
   26  ls -ld ~
   27  grep "^$(id -gn):" /etc/group
   28  mkdir temp
   29  chmod u-x temp
   30  ls -ld temp
   31  cd temp
   32  ls temp
   33  ls -l temp
   34  touch temp/test.txt
   35  chmod u+x temp
   36  rm -rf temp
   37  mkdir temp2
   38  mv temp2 temp3
   39  cp temp3 temp4
   40  cp -r temp3 temp4
   41  rm -rf temp3 temp4
   42  ls /proc | grep -i mem
   43  ls /proc | grep -i cpu
   44  head -n 5 /proc/meminfo
   45  grep -c "^processor" /proc/cpuinfo
   46  grep "model name" /proc/cpuinfo | head -n 1
   47  grep "cpu MHz" /proc/cpuinfo | head -n 1
   48  ln -s /mnt/scratch/CS131_billa/billandreopoulos/CS131_wba/DATA/downloaded_tweets_extend_nolf.ASCII.CLEAN.tsv .
   49  ln -s /mnt/scratch/CS131_billa/billandreopoulos/CS131_wba/DATA/downloaded_tweets_extend_original_ids_nolf.ASCII.CLEAN.tsv .
   50  ls -lh -L downloaded_tweets_extend*.tsv
   51  # or:
   52  du -h -L downloaded_tweets_extend*.tsv
   53  wc -l downloaded_tweets_extend_nolf.ASCII.CLEAN.tsv
   54  wc -l downloaded_tweets_extend_original_ids_nolf.ASCII.CLEAN.tsv
   55  cut -f4 downloaded_tweets_extend_nolf.ASCII.CLEAN.tsv | grep -i "great" | wc -l
   56  cut -f4 downloaded_tweets_extend_original_ids_nolf.ASCII.CLEAN.tsv | grep -i "great" | wc -l
   57  file -i -L downloaded_tweets_extend_nolf.ASCII.CLEAN.tsv
   58  file -i -L downloaded_tweets_extend_original_ids_nolf.ASCII.CLEAN.tsv
   59  head -n 2 downloaded_tweets_extend_nolf.ASCII.CLEAN.tsv
   60  cut -f2 downloaded_tweets_extend_nolf.ASCII.CLEAN.tsv | sort -u | wc -l
   61  cut -f2 downloaded_tweets_extend_original_ids_nolf.ASCII.CLEAN.tsv | sort -u | wc -l
   62  cut -f1 downloaded_tweets_extend_nolf.ASCII.CLEAN.tsv | sort -u | wc -l
   63  cut -f1 downloaded_tweets_extend_original_ids_nolf.ASCII.CLEAN.tsv | sort -u | wc -l
   64  cut -f4 downloaded_tweets_extend_nolf.ASCII.CLEAN.tsv | sort -u | wc -l
   65  cut -f4 downloaded_tweets_extend_original_ids_nolf.ASCII.CLEAN.tsv | sort -u | wc -l
   66  exit
   67  head -n 25 /proc/cpuinfo
   68  exit
   69  echo $HOME
   70  pwd
   71  whoami
   72  id
   73  groups
   74  ls -ld ~
   75  grep "^$(id -gn):" /etc/group
   76  mkdir temp
   77  chmod u-x temp
   78  ls -ld temp
   79  cd temp
   80  ls temp
   81  ls -l temp
   82  touch temp/test.txt
   83  chmod u+x temp
   84  rm -rf temp
   85  mkdir temp2
   86  mv temp2 temp3
   87  cp temp3 temp4
   88  cp -r temp3 temp4
   89  rm -rf temp3 temp4
   90  ls /proc | grep -i mem
   91  ls /proc | grep -i cpu
   92  head -n 5 /proc/meminfo
   93  grep -c "^processor" /proc/cpuinfo
   94  grep "model name" /proc/cpuinfo | head -n 1
   95  grep "cpu MHz" /proc/cpuinfo | head -n 1
   96  ln -s /mnt/scratch/CS131_billa/billandreopoulos/CS131_wba/DATA/downloaded_tweets_extend_nolf.ASCII.CLEAN.tsv .
   97  ln -s /mnt/scratch/CS131_billa/billandreopoulos/CS131_wba/DATA/downloaded_tweets_extend_original_ids_nolf.ASCII.CLEAN.tsv .
   98  ls -lh -L downloaded_tweets_extend*.tsv
   99  # or:
  100  du -h -L downloaded_tweets_extend*.tsv
  101  wc -l downloaded_tweets_extend_nolf.ASCII.CLEAN.tsv
  102  wc -l downloaded_tweets_extend_original_ids_nolf.ASCII.CLEAN.tsv
  103  cut -f4 downloaded_tweets_extend_nolf.ASCII.CLEAN.tsv | grep -i "great" | wc -l
  104  cut -f4 downloaded_tweets_extend_original_ids_nolf.ASCII.CLEAN.tsv | grep -i "great" | wc -l
  105  file -i -L downloaded_tweets_extend_nolf.ASCII.CLEAN.tsv
  106  file -i -L downloaded_tweets_extend_original_ids_nolf.ASCII.CLEAN.tsv
  107  head -n 2 downloaded_tweets_extend_nolf.ASCII.CLEAN.tsv
  108  cut -f2 downloaded_tweets_extend_nolf.ASCII.CLEAN.tsv | sort -u | wc -l
  109  cut -f2 downloaded_tweets_extend_original_ids_nolf.ASCII.CLEAN.tsv | sort -u | wc -l
  110  cut -f1 downloaded_tweets_extend_nolf.ASCII.CLEAN.tsv | sort -u | wc -l
  111  cut -f1 downloaded_tweets_extend_original_ids_nolf.ASCII.CLEAN.tsv | sort -u | wc -l
  112  cut -f4 downloaded_tweets_extend_nolf.ASCII.CLEAN.tsv | sort -u | wc -l
  113  cut -f4 downloaded_tweets_extend_original_ids_nolf.ASCII.CLEAN.tsv | sort -u | wc -l
  114  head -n 25 /proc/cpuinfo
  115  exit
  116  cd /mnt/scratch/CS131_billa/FA26/RanjanVarun/cs131
  117  ls
  118  cd~
  119  cd ..
  120  ls
  121  mv ~/A1/ ~/cs131/
  122  ls
  123  cd cs131
  124  ls
  125  cd A1
  126  script a1.txt
  127  nano a1.txt
  128  script a1.txt
  129  cp a1.txt a1.txt.raw
  130  sed -i -e 's/\x1b\[[0-9;]*m//g' a1.txt
  131  sed -i 's/\r//g' a1.txt
  132  nano a1.txt
  133  cd ~/cs131
  134  git status
  135  git add A1/a1.txt
  136  git commit -m "Submit Assignment 1 (A1)"
  137  git push origin main
  138  cd ~/cs131
  139  mkdir WS2
  140  cd WS2
  141  ln -s /mnt/scratch/CS131_billa/billandreopoulos/CS131_wba/DATA/downloaded_tweets_extend_nolf.ASCII.CLEAN.tsv .
  142  ln -s /mnt/scratch/CS131_billa/billandreopoulos/CS131_wba/DATA/downloaded_tweets_extend_original_ids_nolf.ASCII.CLEAN.tsv .
  143  grep "replied_to" downloaded_tweets_extend_nolf.ASCII.CLEAN.tsv | wc -l -w > counts.txt
  144  grep "retweeted" downloaded_tweets_extend_nolf.ASCII.CLEAN.tsv | wc -l -w >> counts.txt
  145  grep "replied_to" downloaded_tweets_extend_original_ids_nolf.ASCII.CLEAN.tsv | wc -l -w >> counts.txt
  146  grep "retweeted" downloaded_tweets_extend_original_ids_nolf.ASCII.CLEAN.tsv | wc -l -w >> counts.txt
  147  nano counts.txt
  148  history > cmds.log
  149  cd ~/cs131
  150  git status
  151  git add WS2/counts.txt WS2/cmds.log
  152  git commit -m "Submit Worksheet 2 (WS2)"
  153  git push origin main
  154  cd /mnt/scratch/CS131_billa/FA26/<your_ibm_username>/cs131
  155  mkdir A1
  156  cd A1
  157  script a1.txt
  158  cp a1.txt a1.txt.raw
  159  sed -i -e 's/\x1b\[[0-9;]*m//g' a1.txt
  160  sed -i 's/\r//g' a1.txt
  161  l
  162  w
  163  cat downloaded_tweets_*.tsv | cut -f4 | grep -v '^$' | grep -v '^hashtags$' | sort | uniq -c | sort -nr | head -n 30
  164  grep -h -i "retweeted" downloaded_tweets_*.tsv | cut -f4 | grep -v '^$' | grep -v '^hashtags$' | sort | uniq -c | sort -nr | head -n 30
  165  grep -h -i "replied_to" downloaded_tweets_*.tsv | cut -f4 | grep -v '^$' | grep -v '^hashtags$' | sort | uniq -c | sort -nr | head -n 30
  166  grep -h -i "quoted" downloaded_tweets_*.tsv | cut -f4 | grep -v '^$' | grep -v '^hashtags$' | sort | uniq -c | sort -nr | head -n 30
  167  exit
  168  tmux new-session -s homework
  169  cd ~/cs131
  170  mkdir A2
  171  cd A2
  172  ln -s /mnt/scratch/CS131_billa/billandreopoulos/CS131_wba/DATA/downloaded_tweets_extend_nolf.ASCII.CLEAN.tsv .
  173  ln -s /mnt/scratch/CS131_billa/billandreopoulos/CS131_wba/DATA/downloaded_tweets_extend_original_ids_nolf.ASCII.CLEAN.tsv .
  174  script a2.txt
  175  cp a2.txt a2.txt.raw
  176  sed -i -e 's/\x1b\[[0-9;]*m//g' a2.txt
  177  sed -i 's/\r//g' a2.txt
  178  pbcopy < a2.txt
  179  xclip -selection clipboard < filename.txt
  180  xclip -selection clipboard < a2.txt
  181  wl-copy < a2.txt
  182  clip < a2.txt
  183  nano a2.txt
  184  ls -l
  185  cat << 'EOF' > a2.txt
================================================================================
CS131 - ASSIGNMENT 2 ANSWERS
Student Name: Varun Ranjan
================================================================================

SUMMARY OF GENERATED FILES & LINE COUNTS:
1) replies.txt: 30,398 lines
   Extracted tab-separated pairs (User A, User B) from both Twitter files.
   Command: grep -h "type=replied_to" downloaded_tweets_extend*.tsv | awk -F "\t" '{print $2 "\t" $7}' > replies.txt

2) replies_nobots.txt: 22,096 lines
   Removed self-reply bot interactions where User A == User B ($1 == $2).
   Command: awk -F "\t" '$1 != $2' replies.txt > replies_nobots.txt

3) replies_nobots_uniq.txt: 16,650 lines
   Removed redundant repeated interactions between the exact same pair of users.
   Command: sort replies_nobots.txt | uniq > replies_nobots_uniq.txt

4) Influence User Lists (User B, second field):
   - high_influence_replies.txt: 875 distinct users (received >= 3 replies)
   - low_influence_replies.txt: 10,152 distinct users (received < 3 replies)
   - Total distinct User Bs: 875 + 10,152 = 11,027 users.
   Commands:
     cut -f2 replies_nobots_uniq.txt | sort | uniq -c | awk '$1 >= 3 {print $2}' | sort > high_influence_replies.txt
     cut -f2 replies_nobots_uniq.txt | sort | uniq -c | awk '$1 < 3 {print $2}' | sort > low_influence_replies.txt

5) Subnetwork Edge Counts:
   - replies_nobots_uniq_highinfluence.txt: 5,576 lines
   - replies_nobots_uniq_lowinfluence.txt: 11,074 lines
   - Verification Check: 5,576 + 11,074 = 16,650 lines (matches replies_nobots_uniq.txt exactly).
   Command: awk associative array matching column 2 to partition subnetworks.

--------------------------------------------------------------------------------
QUESTION 6 ANSWERS:
--------------------------------------------------------------------------------
6A) How many distinct users exist who got replied to (userB, second field) in each subnetwork?
    - High-influence subnetwork: 875 distinct users
      Command: cut -f2 replies_nobots_uniq_highinfluence.txt | sort -u | wc -l
    - Low-influence subnetwork: 10,152 distinct users
      Command: cut -f2 replies_nobots_uniq_lowinfluence.txt | sort -u | wc -l

6B) How many distinct users replied to them (userA, first field) in each subnetwork?
    - High-influence subnetwork: 2,896 distinct users
      Command: cut -f1 replies_nobots_uniq_highinfluence.txt | sort -u | wc -l
    - Low-influence subnetwork: 2,859 distinct users
      Command: cut -f1 replies_nobots_uniq_lowinfluence.txt | sort -u | wc -l

6C) Top 10 users who got replied to (userB, second field) the most from other users:
    - High-influence subnetwork:
        Replies  User ID
        -------  -------------------
          146    1044285651812839424
           67    26217297
           63    1238370241169616897
           53    1266038659
           39    1108565574
           37    18831926
           36    1462548977367359490
           35    1298372735383605249
           35    1243560408025198593
           33    1201670995435646976
      Command: cut -f2 replies_nobots_uniq_highinfluence.txt | sort | uniq -c | sort -nr | head -n 10

    - Low-influence subnetwork (all tied at 2 incoming replies, as expected for < 3):
        Replies  User ID
        -------  -------------------
            2    998140573008695296
            2    989668124894027776
            2    987475948994875392
            2    985749294
            2    98471035
            2    981425370
            2    979140480096071680
            2    978758798176382977
            2    973161381372440576
            2    970259974457823232
      Command: cut -f2 replies_nobots_uniq_lowinfluence.txt | sort | uniq -c | sort -nr | head -n 10

================================================================================
TERMINAL COMMAND LOG:
================================================================================
bash-4.4$ grep -h "type=replied_to" downloaded_tweets_extend_nolf.ASCII.CLEAN.tsv downloaded_tweets_extend_original_ids_nolf.ASCII.CLEAN.tsv | awk -F "\t" '{print $2 "\t" $7}' > replies.txt
bash-4.4$ wc -l replies.txt
30398 replies.txt
bash-4.4$ awk -F "\t" '$1 != $2' replies.txt > replies_nobots.txt
bash-4.4$ wc -l replies_nobots.txt
22096 replies_nobots.txt
bash-4.4$ sort replies_nobots.txt | uniq > replies_nobots_uniq.txt
bash-4.4$ wc -l replies_nobots_uniq.txt
16650 replies_nobots_uniq.txt
bash-4.4$ cut -f2 replies_nobots_uniq.txt | sort | uniq -c | awk '$1 >= 3 {print $2}' | sort > high_influence_replies.txt
bash-4.4$ cut -f2 replies_nobots_uniq.txt | sort | uniq -c | awk '$1 < 3 {print $2}' | sort > low_influence_replies.txt
bash-4.4$ wc -l high_influence_replies.txt low_influence_replies.txt
   875 high_influence_replies.txt
 10152 low_influence_replies.txt
 11027 total
bash-4.4$ awk -F "\t" '
  NR==FNR { high[$1]=1; next }
  ($2 in high) { print > "replies_nobots_uniq_highinfluence.txt"; next }
  { print > "replies_nobots_uniq_lowinfluence.txt" }
' high_influence_replies.txt replies_nobots_uniq.txt
bash-4.4$ wc -l replies_nobots_uniq.txt replies_nobots_uniq_highinfluence.txt replies_nobots_uniq_lowinfluence.txt
 16650 replies_nobots_uniq.txt
  5576 replies_nobots_uniq_highinfluence.txt
 11074 replies_nobots_uniq_lowinfluence.txt
 33300 total
bash-4.4$ echo "=== 6A: Distinct User Bs ==="
=== 6A: Distinct User Bs ===
bash-4.4$ cut -f2 replies_nobots_uniq_highinfluence.txt | sort -u | wc -l
875
bash-4.4$ cut -f2 replies_nobots_uniq_lowinfluence.txt | sort -u | wc -l
10152
bash-4.4$ echo "=== 6B: Distinct User As ==="
=== 6B: Distinct User As ===
bash-4.4$ cut -f1 replies_nobots_uniq_highinfluence.txt | sort -u | wc -l
2896
bash-4.4$ cut -f1 replies_nobots_uniq_lowinfluence.txt | sort -u | wc -l
2859
bash-4.4$ echo "=== 6C: Top 10 User Bs - High Influence ==="
=== 6C: Top 10 User Bs - High Influence ===
bash-4.4$ cut -f2 replies_nobots_uniq_highinfluence.txt | sort | uniq -c | sort -nr | head -n 10
    146 1044285651812839424
     67 26217297
     63 1238370241169616897
     53 1266038659
     39 1108565574
     37 18831926
     36 1462548977367359490
     35 1298372735383605249
     35 1243560408025198593
     33 1201670995435646976
bash-4.4$ echo "=== 6C: Top 10 User Bs - Low Influence ==="
=== 6C: Top 10 User Bs - Low Influence ===
bash-4.4$ cut -f2 replies_nobots_uniq_lowinfluence.txt | sort | uniq -c | sort -nr | head -n 10
      2 998140573008695296
      2 989668124894027776
      2 987475948994875392
      2 985749294
      2 98471035
      2 981425370
      2 979140480096071680
      2 978758798176382977
      2 973161381372440576
      2 970259974457823232
EOF

  186  head -n 25 a2.txt
  187  cd ~/cs131
  188  history > A2/cmds.log
